******************************************************************************
                  TI ARM Linker PC v20.2.7                     
******************************************************************************
>> Linked Thu Dec 28 00:55:00 2023

OUTPUT FILE NAME:   <uart_on_gpio.out>
ENTRY POINT SYMBOL: "_c_int00_noargs"  address: 00000615


MEMORY CONFIGURATION

         name            origin    length      used     unused   attr    fill
----------------------  --------  ---------  --------  --------  ----  --------
  MAIN                  00000000   00040000  000006c4  0003f93c  R  X
  INFO                  00200000   00004000  00000000  00004000  R  X
  SRAM_CODE             01000000   00010000  00000202  0000fdfe  RW X
  SRAM_DATA             20000000   00010000  00000202  0000fdfe  RW  


SEGMENT ALLOCATION MAP

run origin  load origin   length   init length attrs members
----------  ----------- ---------- ----------- ----- -------
00000000    00000000    000006c8   000006c8    r-x
  00000000    00000000    000000e4   000000e4    r-- .intvecs
  000000e4    000000e4    000005a0   000005a0    r-x .text
  00000684    00000684    00000028   00000028    r-- .const
  000006b0    000006b0    00000018   00000018    r-- .cinit
20000000    20000000    00000002   00000000    rw-
  20000000    20000000    00000002   00000000    rw- .data
2000fe00    2000fe00    00000200   00000000    rw-
  2000fe00    2000fe00    00000200   00000000    rw- .stack


SECTION ALLOCATION MAP

 output                                  attributes/
section   page    origin      length       input sections
--------  ----  ----------  ----------   ----------------
.intvecs   0    00000000    000000e4     
                  00000000    000000e4     startup_msp432p401r_ccs.obj (.intvecs:retain)

.text      0    000000e4    000005a0     
                  000000e4    0000011c     msp432p4xx_driverlib.lib : uart.o (.text:UART_initModule)
                  00000200    00000104     uart_loopback_24mhz_brclk.obj (.text:main)
                  00000304    0000009c     rtsv7M4_T_le_v4SPD16_eabi.lib : memcpy_t2.asm.obj (.text)
                  000003a0    00000078     system_msp432p401r.obj (.text:SystemInit)
                  00000418    00000068     rtsv7M4_T_le_v4SPD16_eabi.lib : copy_decompress_lzss.c.obj (.text:decompress:lzss:__TI_decompress_lzss)
                  00000480    00000064     msp432p4xx_driverlib.lib : uart.o (.text:UART_getEnabledInterruptStatus)
                  000004e4    00000048                              : flash.o (.text:FlashCtl_setWaitState)
                  0000052c    00000044     rtsv7M4_T_le_v4SPD16_eabi.lib : autoinit.c.obj (.text:__TI_auto_init_nobinit_nopinit:__TI_auto_init_nobinit_nopinit)
                  00000570    0000003c     uart_loopback_24mhz_brclk.obj (.text:EUSCIA2_IRQHandler)
                  000005ac    00000034     msp432p4xx_driverlib.lib : cs.o (.text:CS_setDCOCenteredFrequency)
                  000005e0    00000034                              : uart.o (.text:UART_transmitData)
                  00000614    00000034     rtsv7M4_T_le_v4SPD16_eabi.lib : boot_cortex_m.c.obj (.text:_c_int00_noargs:_c_int00_noargs)
                  00000648    00000018     msp432p4xx_driverlib.lib : uart.o (.text:UART_getInterruptStatus)
                  00000660    0000000e     rtsv7M4_T_le_v4SPD16_eabi.lib : copy_decompress_none.c.obj (.text:decompress:none:__TI_decompress_none)
                  0000066e    0000000c     startup_msp432p401r_ccs.obj (.text:Reset_Handler)
                  0000067a    00000004     rtsv7M4_T_le_v4SPD16_eabi.lib : pre_init.c.obj (.text:_system_pre_init)
                  0000067e    00000004                                   : exit.c.obj (.text:abort:abort)
                  00000682    00000002     startup_msp432p401r_ccs.obj (.text:Default_Handler)

.const     0    00000684    00000028     
                  00000684    00000028     uart_loopback_24mhz_brclk.obj (.const:uartConfig)

.cinit     0    000006b0    00000018     
                  000006b0    00000008     (__TI_handler_table)
                  000006b8    00000006     (.cinit..data.load) [load image, compression = lzss]
                  000006be    00000002     --HOLE-- [fill = 0]
                  000006c0    00000008     (__TI_cinit_table)

.init_array 
*          0    00000000    00000000     UNINITIALIZED

.binit     0    00000000    00000000     

.data      0    20000000    00000002     UNINITIALIZED
                  20000000    00000002     uart_loopback_24mhz_brclk.obj (.data)

.stack     0    2000fe00    00000200     UNINITIALIZED
                  2000fe00    00000004     rtsv7M4_T_le_v4SPD16_eabi.lib : boot_cortex_m.c.obj (.stack)
                  2000fe04    000001fc     --HOLE--

__llvm_prf_cnts 
*          0    20000000    00000000     UNINITIALIZED

MODULE SUMMARY

       Module                          code   ro data   rw data
       ------                          ----   -------   -------
    .\
       uart_loopback_24mhz_brclk.obj   320    40        4      
       system_msp432p401r.obj          120    0         0      
    +--+-------------------------------+------+---------+---------+
       Total:                          440    40        4      
                                                               
    .\ccs\
       startup_msp432p401r_ccs.obj     14     228       0      
    +--+-------------------------------+------+---------+---------+
       Total:                          14     228       0      
                                                               
    E:/ti/css/simplelink_msp432p4_sdk_3_40_01_02/source/ti/devices/msp432p4xx/driverlib/ccs/msp432p4xx_driverlib.lib
       uart.o                          460    0         0      
       flash.o                         72     0         0      
       cs.o                            52     0         0      
    +--+-------------------------------+------+---------+---------+
       Total:                          584    0         0      
                                                               
    E:\ti\css\ccs\tools\compiler\ti-cgt-arm_20.2.7.LTS\lib\rtsv7M4_T_le_v4SPD16_eabi.lib
       memcpy_t2.asm.obj               156    0         0      
       copy_decompress_lzss.c.obj      104    0         0      
       autoinit.c.obj                  68     0         0      
       boot_cortex_m.c.obj             52     0         0      
       copy_decompress_none.c.obj      14     0         0      
       exit.c.obj                      4      0         0      
       pre_init.c.obj                  4      0         0      
    +--+-------------------------------+------+---------+---------+
       Total:                          402    0         0      
                                                               
       Stack:                          0      0         1024   
       Linker Generated:               0      22        0      
    +--+-------------------------------+------+---------+---------+
       Grand Total:                    1440   290       1028   


LINKER GENERATED COPY TABLES

__TI_cinit_table @ 000006c0 records: 1, size/record: 8, table size: 8
	.data: load addr=000006b8, load size=00000006 bytes, run addr=20000000, run size=00000002 bytes, compression=lzss


LINKER GENERATED HANDLER TABLE

__TI_handler_table @ 000006b0 records: 2, size/record: 4, table size: 8
	index: 0, handler: __TI_decompress_lzss
	index: 1, handler: __TI_decompress_none


GLOBAL SYMBOLS: SORTED ALPHABETICALLY BY Name 

address   name                          
-------   ----                          
00000683  ADC14_IRQHandler              
00000683  AES256_IRQHandler             
00000683  BusFault_Handler              
0000067f  C$$EXIT                       
00000683  COMP_E0_IRQHandler            
00000683  COMP_E1_IRQHandler            
00000683  CS_IRQHandler                 
000005ad  CS_setDCOCenteredFrequency    
00000683  DMA_ERR_IRQHandler            
00000683  DMA_INT0_IRQHandler           
00000683  DMA_INT1_IRQHandler           
00000683  DMA_INT2_IRQHandler           
00000683  DMA_INT3_IRQHandler           
00000683  DebugMon_Handler              
00000683  Default_Handler               
00000683  EUSCIA0_IRQHandler            
00000683  EUSCIA1_IRQHandler            
00000571  EUSCIA2_IRQHandler            
00000571  EUSCIA2_IRQHandler            
00000683  EUSCIA3_IRQHandler            
00000683  EUSCIB0_IRQHandler            
00000683  EUSCIB1_IRQHandler            
00000683  EUSCIB2_IRQHandler            
00000683  EUSCIB3_IRQHandler            
00000683  FLCTL_IRQHandler              
00000683  FPU_IRQHandler                
000004e5  FlashCtl_setWaitState         
00000683  HardFault_Handler             
00000683  MemManage_Handler             
00000683  NMI_Handler                   
00000683  PCM_IRQHandler                
00000683  PORT1_IRQHandler              
00000683  PORT2_IRQHandler              
00000683  PORT3_IRQHandler              
00000683  PORT4_IRQHandler              
00000683  PORT5_IRQHandler              
00000683  PORT6_IRQHandler              
00000683  PSS_IRQHandler                
00000683  PendSV_Handler                
00000683  RTC_C_IRQHandler              
20000001  RXData                        
0000066f  Reset_Handler                 
00000683  SVC_Handler                   
00000683  SysTick_Handler               
000003a1  SystemInit                    
00000683  T32_INT1_IRQHandler           
00000683  T32_INT2_IRQHandler           
00000683  T32_INTC_IRQHandler           
00000683  TA0_0_IRQHandler              
00000683  TA0_N_IRQHandler              
00000683  TA1_0_IRQHandler              
00000683  TA1_N_IRQHandler              
00000683  TA2_0_IRQHandler              
00000683  TA2_N_IRQHandler              
00000683  TA3_0_IRQHandler              
00000683  TA3_N_IRQHandler              
20000000  TXData                        
00000481  UART_getEnabledInterruptStatus
00000649  UART_getInterruptStatus       
000000e5  UART_initModule               
000005e1  UART_transmitData             
00000683  UsageFault_Handler            
4000480c  WDTCTL_SYM                    
00000683  WDT_A_IRQHandler              
20010000  __STACK_END                   
00000200  __STACK_SIZE                  
000006c0  __TI_CINIT_Base               
000006c8  __TI_CINIT_Limit              
000006b0  __TI_Handler_Table_Base       
000006b8  __TI_Handler_Table_Limit      
0000052d  __TI_auto_init_nobinit_nopinit
00000419  __TI_decompress_lzss          
00000661  __TI_decompress_none          
ffffffff  __TI_pprof_out_hndl           
ffffffff  __TI_prof_data_size           
ffffffff  __TI_prof_data_start          
00000000  __TI_static_base__            
00000305  __aeabi_memcpy                
00000305  __aeabi_memcpy4               
00000305  __aeabi_memcpy8               
ffffffff  __binit__                     
ffffffff  __c_args__                    
UNDEFED   __mpu_init                    
2000fe00  __stack                       
20000000  __start___llvm_prf_cnts       
20000000  __stop___llvm_prf_cnts        
00000615  _c_int00_noargs               
UNDEFED   _system_post_cinit            
0000067b  _system_pre_init              
0000067f  abort                         
ffffffff  binit                         
00000000  interruptVectors              
00000201  main                          
00000305  memcpy                        
00000684  uartConfig                    


GLOBAL SYMBOLS: SORTED BY Symbol Address 

address   name                          
-------   ----                          
00000000  __TI_static_base__            
00000000  interruptVectors              
000000e5  UART_initModule               
00000200  __STACK_SIZE                  
00000201  main                          
00000305  __aeabi_memcpy                
00000305  __aeabi_memcpy4               
00000305  __aeabi_memcpy8               
00000305  memcpy                        
000003a1  SystemInit                    
00000419  __TI_decompress_lzss          
00000481  UART_getEnabledInterruptStatus
000004e5  FlashCtl_setWaitState         
0000052d  __TI_auto_init_nobinit_nopinit
00000571  EUSCIA2_IRQHandler            
00000571  EUSCIA2_IRQHandler            
000005ad  CS_setDCOCenteredFrequency    
000005e1  UART_transmitData             
00000615  _c_int00_noargs               
00000649  UART_getInterruptStatus       
00000661  __TI_decompress_none          
0000066f  Reset_Handler                 
0000067b  _system_pre_init              
0000067f  C$$EXIT                       
0000067f  abort                         
00000683  ADC14_IRQHandler              
00000683  AES256_IRQHandler             
00000683  BusFault_Handler              
00000683  COMP_E0_IRQHandler            
00000683  COMP_E1_IRQHandler            
00000683  CS_IRQHandler                 
00000683  DMA_ERR_IRQHandler            
00000683  DMA_INT0_IRQHandler           
00000683  DMA_INT1_IRQHandler           
00000683  DMA_INT2_IRQHandler           
00000683  DMA_INT3_IRQHandler           
00000683  DebugMon_Handler              
00000683  Default_Handler               
00000683  EUSCIA0_IRQHandler            
00000683  EUSCIA1_IRQHandler            
00000683  EUSCIA3_IRQHandler            
00000683  EUSCIB0_IRQHandler            
00000683  EUSCIB1_IRQHandler            
00000683  EUSCIB2_IRQHandler            
00000683  EUSCIB3_IRQHandler            
00000683  FLCTL_IRQHandler              
00000683  FPU_IRQHandler                
00000683  HardFault_Handler             
00000683  MemManage_Handler             
00000683  NMI_Handler                   
00000683  PCM_IRQHandler                
00000683  PORT1_IRQHandler              
00000683  PORT2_IRQHandler              
00000683  PORT3_IRQHandler              
00000683  PORT4_IRQHandler              
00000683  PORT5_IRQHandler              
00000683  PORT6_IRQHandler              
00000683  PSS_IRQHandler                
00000683  PendSV_Handler                
00000683  RTC_C_IRQHandler              
00000683  SVC_Handler                   
00000683  SysTick_Handler               
00000683  T32_INT1_IRQHandler           
00000683  T32_INT2_IRQHandler           
00000683  T32_INTC_IRQHandler           
00000683  TA0_0_IRQHandler              
00000683  TA0_N_IRQHandler              
00000683  TA1_0_IRQHandler              
00000683  TA1_N_IRQHandler              
00000683  TA2_0_IRQHandler              
00000683  TA2_N_IRQHandler              
00000683  TA3_0_IRQHandler              
00000683  TA3_N_IRQHandler              
00000683  UsageFault_Handler            
00000683  WDT_A_IRQHandler              
00000684  uartConfig                    
000006b0  __TI_Handler_Table_Base       
000006b8  __TI_Handler_Table_Limit      
000006c0  __TI_CINIT_Base               
000006c8  __TI_CINIT_Limit              
20000000  TXData                        
20000000  __start___llvm_prf_cnts       
20000000  __stop___llvm_prf_cnts        
20000001  RXData                        
2000fe00  __stack                       
20010000  __STACK_END                   
4000480c  WDTCTL_SYM                    
ffffffff  __TI_pprof_out_hndl           
ffffffff  __TI_prof_data_size           
ffffffff  __TI_prof_data_start          
ffffffff  __binit__                     
ffffffff  __c_args__                    
ffffffff  binit                         
UNDEFED   __mpu_init                    
UNDEFED   _system_post_cinit            

[95 symbols]
